oled.cpp:15:6:void WriteCmd()	32	static
oled.cpp:24:6:void OLED_WR_CMD(uint8_t)	32	static
oled.cpp:30:6:void OLED_WR_DATA(uint8_t)	32	static
oled.cpp:36:6:void OLED_Init()	8	static
oled.cpp:43:6:void OLED_Clear()	16	static
oled.cpp:57:6:void OLED_Display_On()	8	static
oled.cpp:65:6:void OLED_Display_Off()	8	static
oled.cpp:72:6:void OLED_Set_Pos(uint8_t, uint8_t)	16	static
oled.cpp:79:6:void OLED_On()	16	static
oled.cpp:91:14:unsigned int oled_pow(uint8_t, uint8_t)	24	static
oled.cpp:103:6:void OLED_ShowChar(uint8_t, uint8_t, uint8_t, uint8_t)	32	static
oled.cpp:130:6:void OLED_ShowNum(uint8_t, uint8_t, unsigned int, uint8_t, uint8_t)	24	static
oled.cpp:150:6:void OLED_ShowString(uint8_t, uint8_t, uint8_t*, uint8_t)	24	static
