RV_BUTTON.cpp:4:1:RV_BUTTON::RV_BUTTON(GPIO_TypeDef*, uint16_t, bool, bool)	24	static
RV_BUTTON.cpp:12:6:void RV_BUTTON::init()	16	static
RV_BUTTON.cpp:24:6:void RV_BUTTON::setDebounce(uint16_t)	16	static
RV_BUTTON.cpp:28:6:void RV_BUTTON::setTimeout(uint16_t)	16	static
RV_BUTTON.cpp:32:6:void RV_BUTTON::setStepTimeout(uint16_t)	16	static
RV_BUTTON.cpp:36:6:void RV_BUTTON::setType(bool)	16	static
RV_BUTTON.cpp:40:6:void RV_BUTTON::setDirection(bool)	16	static
RV_BUTTON.cpp:44:6:bool RV_BUTTON::isPress()	16	static
RV_BUTTON.cpp:53:6:bool RV_BUTTON::isRelease()	16	static
RV_BUTTON.cpp:62:6:bool RV_BUTTON::isClick()	16	static
RV_BUTTON.cpp:71:6:bool RV_BUTTON::isHolded()	16	static
RV_BUTTON.cpp:80:6:bool RV_BUTTON::isHold()	16	static
RV_BUTTON.cpp:87:6:bool RV_BUTTON::state()	16	static
RV_BUTTON.cpp:91:6:bool RV_BUTTON::isSingle()	16	static
RV_BUTTON.cpp:100:6:bool RV_BUTTON::isDouble()	16	static
RV_BUTTON.cpp:109:6:bool RV_BUTTON::isTriple()	16	static
RV_BUTTON.cpp:118:6:bool RV_BUTTON::hasClicks()	16	static
RV_BUTTON.cpp:127:9:uint8_t RV_BUTTON::getClicks()	16	static
RV_BUTTON.cpp:131:6:bool RV_BUTTON::isStep()	16	static
RV_BUTTON.cpp:140:6:void RV_BUTTON::tick(bool)	16	static
RV_BUTTON.cpp:146:6:void RV_BUTTON::tick()	16	static
