ssd1306.c:9:6:ssd1306_Reset	4	static
ssd1306.c:14:6:ssd1306_WriteCommand	32	static
ssd1306.c:19:6:ssd1306_WriteData	32	static
ssd1306.c:64:17:ssd1306_FillBuffer	24	static
ssd1306.c:74:6:ssd1306_Init	8	static
ssd1306.c:176:6:ssd1306_Fill	24	static
ssd1306.c:186:6:ssd1306_UpdateScreen	16	static
ssd1306.c:207:6:ssd1306_DrawPixel	16	static
ssd1306.c:225:6:ssd1306_WriteChar	48	static
ssd1306.c:260:6:ssd1306_WriteString	24	static
ssd1306.c:277:6:ssd1306_SetCursor	16	static
ssd1306.c:283:6:ssd1306_Line	48	static
ssd1306.c:319:6:ssd1306_Polyline	40	static
ssd1306.c:333:14:ssd1306_DegToRad	16	static
ssd1306.c:337:17:ssd1306_NormalizeTo0_360	24	static
ssd1306.c:354:6:ssd1306_DrawArc	56	static
ssd1306.c:391:6:ssd1306_DrawCircle	40	static
ssd1306.c:436:6:ssd1306_DrawRectangle	32	static
ssd1306.c:447:6:ssd1306_DrawBitmap	24	static
ssd1306.c:469:6:ssd1306_SetContrast	24	static
ssd1306.c:475:6:ssd1306_SetDisplayOn	24	static
ssd1306.c:487:9:ssd1306_GetDisplayOn	4	static
