core_cm4.h:1939:34:__NVIC_SystemReset	4	static,ignoring_inline_asm
stm32f4xx_it.c:74:6:NMI_Handler	4	static
stm32f4xx_it.c:89:6:HardFault_Handler	8	static
stm32f4xx_it.c:105:6:MemManage_Handler	4	static
stm32f4xx_it.c:120:6:BusFault_Handler	4	static
stm32f4xx_it.c:135:6:UsageFault_Handler	4	static
stm32f4xx_it.c:150:6:DebugMon_Handler	4	static
stm32f4xx_it.c:170:6:USART1_IRQHandler	8	static
stm32f4xx_it.c:184:6:TIM7_IRQHandler	8	static
stm32f4xx_it.c:198:6:USART6_IRQHandler	8	static
stm32f4xx_it.c:212:6:I2C3_EV_IRQHandler	8	static
stm32f4xx_it.c:226:6:I2C3_ER_IRQHandler	8	static
