core_cm4.h:1939:34:__NVIC_SystemReset	4	static,ignoring_inline_asm
stm32f4xx_it.c:75:6:NMI_Handler	4	static
stm32f4xx_it.c:90:6:HardFault_Handler	8	static
stm32f4xx_it.c:106:6:MemManage_Handler	4	static
stm32f4xx_it.c:121:6:BusFault_Handler	4	static
stm32f4xx_it.c:136:6:UsageFault_Handler	4	static
stm32f4xx_it.c:151:6:DebugMon_Handler	4	static
stm32f4xx_it.c:171:6:TIM4_IRQHandler	8	static
stm32f4xx_it.c:185:6:USART1_IRQHandler	8	static
stm32f4xx_it.c:199:6:TIM7_IRQHandler	8	static
stm32f4xx_it.c:213:6:USART6_IRQHandler	8	static
stm32f4xx_it.c:227:6:I2C3_EV_IRQHandler	8	static
stm32f4xx_it.c:241:6:I2C3_ER_IRQHandler	8	static
